 * Serving Flask app 'app'
 * Debug mode: on
[1/5] Extracting tickets (source=file)...
      11692 tickets read.
[2/5] Cleaning text and generating embeddings (local model, first run downloads it)...
[3/5] Clustering at similarity threshold 0.82...
[4/5] Labeling 947 recurring clusters...
[5/5] Computing insights and writing data/clusters.json...
      Done. 947 recurring issues found across 11692 tickets.
      Recommended view: trends (Repeat-ticket volume is trending up 139% over the last 12 weeks — worth a closer look.)
      -> D:\source\work\Ticket-Repetition-Analyzer\data\clusters.json
[1/3] Embedding submitted ticket MANUAL-20260918045619-e4861a...
[3/5] Clustering at similarity threshold 0.82...
[4/5] Labeling 947 recurring clusters...
[5/5] Computing insights and writing data/clusters.json...
      Done. 947 recurring issues found across 11693 tickets.
      Recommended view: trends (Repeat-ticket volume is trending up 53% over the last 12 weeks — worth a closer look.)
      -> D:\source\work\Ticket-Repetition-Analyzer\data\clusters.json
[1/5] Extracting tickets (source=file)...
      11692 tickets read.
[2/5] Cleaning text and generating embeddings (local model, first run downloads it)...
[3/5] Clustering at similarity threshold 0.82...
[4/5] Labeling 947 recurring clusters...
[5/5] Computing insights and writing data/clusters.json...
      Done. 947 recurring issues found across 11692 tickets.
      Recommended view: trends (Repeat-ticket volume is trending up 139% over the last 12 weeks — worth a closer look.)
      -> D:\source\work\Ticket-Repetition-Analyzer\data\clusters.json
[1/3] Embedding submitted ticket MANUAL-20260918051630-22c4ca...
[3/5] Clustering at similarity threshold 0.82...
[4/5] Labeling 947 recurring clusters...
[5/5] Computing insights and writing data/clusters.json...
      Done. 947 recurring issues found across 11693 tickets.
      Recommended view: trends (Repeat-ticket volume is trending up 53% over the last 12 weeks — worth a closer look.)
      -> D:\source\work\Ticket-Repetition-Analyzer\data\clusters.json
[1/5] Extracting tickets (source=file)...
      11692 tickets read.
[2/5] Cleaning text and generating embeddings (local model, first run downloads it)...
